[    0.000000] Initializing cgroup subsys cpuset
[    0.000000] Initializing cgroup subsys cpu
[    0.000000] Initializing cgroup subsys cpuacct
[    0.000000] Linux version 4.4.0-204-generic (buildd@lgw01-amd64-018) (gcc version 5.4.0 20160609 (Ubuntu 5.4.0-6ubuntu1~16.04.12) ) #236-Ubuntu SMP Fri Feb 19 16:11:27 UTC 2021 (Ubuntu 4.4.0-204.236-generic 4.4.254)
[    0.000000] Command line: BOOT_IMAGE=/boot/vmlinuz-4.4.0-204-generic root=LABEL=cloudimg-rootfs ro console=tty1 console=ttyS0
[    0.000000] KERNEL supported cpus:
[    0.000000]   Intel GenuineIntel
[    0.000000]   AMD AuthenticAMD
[    0.000000]   Centaur CentaurHauls
[    0.000000] x86/fpu: xstate_offset[2]:  576, xstate_sizes[2]:  256
[    0.000000] x86/fpu: Supporting XSAVE feature 0x01: 'x87 floating point registers'
[    0.000000] x86/fpu: Supporting XSAVE feature 0x02: 'SSE registers'
[    0.000000] x86/fpu: Supporting XSAVE feature 0x04: 'AVX registers'
[    0.000000] x86/fpu: Enabled xstate features 0x7, context size is 832 bytes, using 'standard' format.
[    0.000000] e820: BIOS-provided physical RAM map:
[    0.000000] BIOS-e820: [mem 0x0000000000000000-0x000000000009fbff] usable
[    0.000000] BIOS-e820: [mem 0x000000000009fc00-0x000000000009ffff] reserved
[    0.000000] BIOS-e820: [mem 0x00000000000f0000-0x00000000000fffff] reserved
[    0.000000] BIOS-e820: [mem 0x0000000000100000-0x000000003ffeffff] usable
[    0.000000] BIOS-e820: [mem 0x000000003fff0000-0x000000003fffffff] ACPI data
[    0.000000] BIOS-e820: [mem 0x00000000fec00000-0x00000000fec00fff] reserved
[    0.000000] BIOS-e820: [mem 0x00000000fee00000-0x00000000fee00fff] reserved
[    0.000000] BIOS-e820: [mem 0x00000000fffc0000-0x00000000ffffffff] reserved
[    0.000000] NX (Execute Disable) protection: active
[    0.000000] SMBIOS 2.5 present.
[    0.000000] Hypervisor detected: KVM
[    0.000000] e820: last_pfn = 0x3fff0 max_arch_pfn = 0x400000000
[    0.000000] MTRR: Disabled
[    0.000000] x86/PAT: MTRRs disabled, skipping PAT initialization too.
[    0.000000] CPU MTRRs all blank - virtualized system.
[    0.000000] x86/PAT: Configuration [0-7]: WB  WT  UC- UC  WB  WT  UC- UC  
[    0.000000] found SMP MP-table at [mem 0x0009fff0-0x0009ffff] mapped at [ffff88000009fff0]
[    0.000000] Scanning 1 areas for low memory corruption
[    0.000000] RAMDISK: [mem 0x362de000-0x37166fff]
[    0.000000] ACPI: Early table checksum verification disabled
[    0.000000] ACPI: RSDP 0x00000000000E0000 000024 (v02 VBOX  )
[    0.000000] ACPI: XSDT 0x000000003FFF0030 00003C (v01 VBOX   VBOXXSDT 00000001 ASL  00000061)
[    0.000000] ACPI: FACP 0x000000003FFF00F0 0000F4 (v04 VBOX   VBOXFACP 00000001 ASL  00000061)
[    0.000000] ACPI: DSDT 0x000000003FFF0470 002325 (v02 VBOX   VBOXBIOS 00000002 INTL 20100528)
[    0.000000] ACPI: FACS 0x000000003FFF0200 000040
[    0.000000] ACPI: FACS 0x000000003FFF0200 000040
[    0.000000] ACPI: APIC 0x000000003FFF0240 00005C (v02 VBOX   VBOXAPIC 00000001 ASL  00000061)
[    0.000000] ACPI: SSDT 0x000000003FFF02A0 0001CC (v01 VBOX   VBOXCPUT 00000002 INTL 20100528)
[    0.000000] No NUMA configuration found
[    0.000000] Faking a node at [mem 0x0000000000000000-0x000000003ffeffff]
[    0.000000] NODE_DATA(0) allocated [mem 0x3ffeb000-0x3ffeffff]
[    0.000000] kvm-clock: Using msrs 4b564d01 and 4b564d00
[    0.000000] kvm-clock: cpu 0, msr 0:3ffe3001, primary cpu clock
[    0.000000] kvm-clock: using sched offset of 3405106866 cycles
[    0.000000] clocksource: kvm-clock: mask: 0xffffffffffffffff max_cycles: 0x1cd42e4dffb, max_idle_ns: 881590591483 ns
[    0.000000] Zone ranges:
[    0.000000]   DMA      [mem 0x0000000000001000-0x0000000000ffffff]
[    0.000000]   DMA32    [mem 0x0000000001000000-0x000000003ffeffff]
[    0.000000]   Normal   empty
[    0.000000]   Device   empty
[    0.000000] Movable zone start for each node
[    0.000000] Early memory node ranges
[    0.000000]   node   0: [mem 0x0000000000001000-0x000000000009efff]
[    0.000000]   node   0: [mem 0x0000000000100000-0x000000003ffeffff]
[    0.000000] Initmem setup node 0 [mem 0x0000000000001000-0x000000003ffeffff]
[    0.000000] ACPI: PM-Timer IO Port: 0x4008
[    0.000000] IOAPIC[0]: apic_id 2, version 32, address 0xfec00000, GSI 0-23
[    0.000000] ACPI: INT_SRC_OVR (bus 0 bus_irq 0 global_irq 2 dfl dfl)
[    0.000000] ACPI: INT_SRC_OVR (bus 0 bus_irq 9 global_irq 9 low level)
[    0.000000] Using ACPI (MADT) for SMP configuration information
[    0.000000] smpboot: Allowing 2 CPUs, 0 hotplug CPUs
[    0.000000] PM: Registered nosave memory: [mem 0x00000000-0x00000fff]
[    0.000000] PM: Registered nosave memory: [mem 0x0009f000-0x0009ffff]
[    0.000000] PM: Registered nosave memory: [mem 0x000a0000-0x000effff]
[    0.000000] PM: Registered nosave memory: [mem 0x000f0000-0x000fffff]
[    0.000000] e820: [mem 0x40000000-0xfebfffff] available for PCI devices
[    0.000000] Booting paravirtualized kernel on KVM
[    0.000000] clocksource: refined-jiffies: mask: 0xffffffff max_cycles: 0xffffffff, max_idle_ns: 7645519600211568 ns
[    0.000000] setup_percpu: NR_CPUS:512 nr_cpumask_bits:512 nr_cpu_ids:2 nr_node_ids:1
[    0.000000] PERCPU: Embedded 33 pages/cpu @ffff88003fc00000 s95640 r8192 d31336 u1048576
[    0.000000] Built 1 zonelists in Node order, mobility grouping on.  Total pages: 257912
[    0.000000] Policy zone: DMA32
[    0.000000] Kernel command line: BOOT_IMAGE=/boot/vmlinuz-4.4.0-204-generic root=LABEL=cloudimg-rootfs ro console=tty1 console=ttyS0
[    0.000000] PID hash table entries: 4096 (order: 3, 32768 bytes)
[    0.000000] Memory: 997656K/1048120K available (8641K kernel code, 1337K rwdata, 4044K rodata, 1496K init, 1296K bss, 50464K reserved, 0K cma-reserved)
[    0.000000] SLUB: HWalign=64, Order=0-3, MinObjects=0, CPUs=2, Nodes=1
[    0.000000] Kernel/User page tables isolation: enabled
[    0.000000] Hierarchical RCU implementation.
[    0.000000] 	Build-time adjustment of leaf fanout to 64.
[    0.000000] 	RCU restricting CPUs from NR_CPUS=512 to nr_cpu_ids=2.
[    0.000000] RCU: Adjusting geometry for rcu_fanout_leaf=64, nr_cpu_ids=2
[    0.000000] NR_IRQS:33024 nr_irqs:440 16
[    0.000000] Console: colour VGA+ 80x25
[    0.000000] console [tty1] enabled
[    0.000000] console [ttyS0] enabled
[    0.000000] tsc: Detected 3192.002 MHz processor
[    0.149632] Calibrating delay loop (skipped) preset value.. 6384.00 BogoMIPS (lpj=12768008)
[    0.151410] pid_max: default: 32768 minimum: 301
[    0.152374] ACPI: Core revision 20150930
[    0.154766] ACPI: 2 ACPI AML tables successfully acquired and loaded
[    0.156109] Security Framework initialized
[    0.157095] Yama: becoming mindful.
[    0.157933] AppArmor: AppArmor initialized
[    0.159005] Dentry cache hash table entries: 131072 (order: 8, 1048576 bytes)
[    0.162423] Inode-cache hash table entries: 65536 (order: 7, 524288 bytes)
[    0.163849] Mount-cache hash table entries: 2048 (order: 2, 16384 bytes)
[    0.165137] Mountpoint-cache hash table entries: 2048 (order: 2, 16384 bytes)
[    0.166502] Initializing cgroup subsys io
[    0.167469] Initializing cgroup subsys memory
[    0.168453] Initializing cgroup subsys devices
[    0.169342] Initializing cgroup subsys freezer
[    0.170302] Initializing cgroup subsys net_cls
[    0.171211] Initializing cgroup subsys perf_event
[    0.172213] Initializing cgroup subsys net_prio
[    0.173162] Initializing cgroup subsys hugetlb
[    0.174236] Initializing cgroup subsys pids
[    0.176048] mce: CPU supports 0 MCE banks
[    0.176979] Last level iTLB entries: 4KB 64, 2MB 8, 4MB 8
[    0.178087] Last level dTLB entries: 4KB 64, 2MB 0, 4MB 0, 1GB 4
[    0.179281] Spectre V1 : Mitigation: usercopy/swapgs barriers and __user pointer sanitization
[    0.181055] Spectre V2 : Mitigation: Full generic retpoline
[    0.182181] Spectre V2 : Spectre v2 / SpectreRSB mitigation: Filling RSB on context switch
[    0.183841] Speculative Store Bypass: Vulnerable
[    0.184868] SRBDS: Unknown: Dependent on hypervisor status
[    0.186004] MDS: Mitigation: Clear CPU buffers
[    0.189855] Freeing SMP alternatives memory: 36K
[    0.196871] ftrace: allocating 32368 entries in 127 pages
[    0.253300] smpboot: APIC(0) Converting physical 0 to logical package 0
[    0.254577] smpboot: Max logical packages: 1
[    0.255732] x2apic enabled
[    0.256700] Switched APIC routing to physical x2apic.
[    0.258902] ..TIMER: vector=0x30 apic1=0 pin1=2 apic2=-1 pin2=-1
[    0.368304] smpboot: CPU0: Intel(R) Core(TM) i7-8700 CPU @ 3.20GHz (family: 0x6, model: 0x9e, stepping: 0xa)
[    0.370494] Performance Events: unsupported p6 CPU model 158 no PMU driver, software events only.
[    0.379804] KVM setup paravirtual spinlock
[    0.381232] x86: Booting SMP configuration:
[    0.382161] .... node  #0, CPUs:      #1
[    0.383087] kvm-clock: cpu 1, msr 0:3ffe3041, secondary cpu clock
[    0.384885] mce: CPU supports 0 MCE banks
[    0.387492] x86: Booted up 1 node, 2 CPUs
[    0.388686] smpboot: Total of 2 processors activated (12768.00 BogoMIPS)
[    0.390357] devtmpfs: initialized
[    0.392605] evm: security.selinux
[    0.393377] evm: security.SMACK64
[    0.394217] evm: security.SMACK64EXEC
[    0.395025] evm: security.SMACK64TRANSMUTE
[    0.396038] evm: security.SMACK64MMAP
[    0.396918] evm: security.ima
[    0.397637] evm: security.capability
[    0.398614] clocksource: jiffies: mask: 0xffffffff max_cycles: 0xffffffff, max_idle_ns: 7645041785100000 ns
[    0.400973] futex hash table entries: 512 (order: 3, 32768 bytes)
[    0.402387] pinctrl core: initialized pinctrl subsystem
[    0.403532] RTC time: 21:59:15, date: 03/18/21
[    0.404741] NET: Registered protocol family 16
[    0.417333] cpuidle: using governor ladder
[    0.430083] cpuidle: using governor menu
[    0.430958] PCCT header not found.
[    0.431828] ACPI: bus type PCI registered
[    0.432716] acpiphp: ACPI Hot Plug PCI Controller Driver version: 0.5
[    0.434014] PCI: Using configuration type 1 for base access
[    0.446571] ACPI: Added _OSI(Module Device)
[    0.447451] ACPI: Added _OSI(Processor Device)
[    0.448576] ACPI: Added _OSI(3.0 _SCP Extensions)
[    0.449529] ACPI: Added _OSI(Processor Aggregator Device)
[    0.451180] ACPI: Executed 1 blocks of module-level executable AML code
[    0.454424] ACPI: Interpreter enabled
[    0.455239] ACPI: (supports S0 S5)
[    0.456176] ACPI: Using IOAPIC for interrupt routing
[    0.457390] PCI: Using host bridge windows from ACPI; if necessary, use "pci=nocrs" and report a bug
[    0.462424] ACPI: PCI Root Bridge [PCI0] (domain 0000 [bus 00-ff])
[    0.463684] acpi PNP0A03:00: _OSC: OS supports [ASPM ClockPM Segments MSI]
[    0.465316] acpi PNP0A03:00: _OSC: not requesting OS control; OS requires [ExtendedConfig ASPM ClockPM MSI]
[    0.467229] acpi PNP0A03:00: fail to add MMCONFIG information, can't access extended PCI configuration space under this bridge.
[    0.469752] PCI host bridge to bus 0000:00
[    0.470680] pci_bus 0000:00: root bus resource [io  0x0000-0x0cf7 window]
[    0.472025] pci_bus 0000:00: root bus resource [io  0x0d00-0xffff window]
[    0.473282] pci_bus 0000:00: root bus resource [mem 0x000a0000-0x000bffff window]
[    0.475084] pci_bus 0000:00: root bus resource [mem 0x40000000-0xfdffffff window]
[    0.477497] pci_bus 0000:00: root bus resource [bus 00-ff]
[    0.480868] pci 0000:00:01.1: legacy IDE quirk: reg 0x10: [io  0x01f0-0x01f7]
[    0.482222] pci 0000:00:01.1: legacy IDE quirk: reg 0x14: [io  0x03f6]
[    0.483494] pci 0000:00:01.1: legacy IDE quirk: reg 0x18: [io  0x0170-0x0177]
[    0.495380] pci 0000:00:01.1: legacy IDE quirk: reg 0x1c: [io  0x0376]
[    0.506052] pci 0000:00:07.0: quirk: [io  0x4000-0x403f] claimed by PIIX4 ACPI
[    0.508099] pci 0000:00:07.0: quirk: [io  0x4100-0x410f] claimed by PIIX4 SMB
[    0.515192] ACPI: PCI Interrupt Link [LNKA] (IRQs 5 9 10 *11)
[    0.517069] ACPI: PCI Interrupt Link [LNKB] (IRQs 5 9 *10 11)
[    0.518695] ACPI: PCI Interrupt Link [LNKC] (IRQs 5 *9 10 11)
[    0.520735] ACPI: PCI Interrupt Link [LNKD] (IRQs 5 9 10 *11)
[    0.522373] ACPI: Enabled 2 GPEs in block 00 to 07
[    0.523711] vgaarb: setting as boot device: PCI:0000:00:02.0
[    0.524876] vgaarb: device added: PCI:0000:00:02.0,decodes=io+mem,owns=io+mem,locks=none
[    0.526631] vgaarb: loaded
[    0.527282] vgaarb: bridge control possible 0000:00:02.0
[    0.528556] SCSI subsystem initialized
[    0.529524] ACPI: bus type USB registered
[    0.530432] usbcore: registered new interface driver usbfs
[    0.531583] usbcore: registered new interface driver hub
[    0.532727] usbcore: registered new device driver usb
[    0.533997] PCI: Using ACPI for IRQ routing
[    0.537119] NetLabel: Initializing
[    0.537940] NetLabel:  domain hash size = 128
[    0.538985] NetLabel:  protocols = UNLABELED CIPSOv4
[    0.540083] NetLabel:  unlabeled traffic allowed by default
[    0.541559] amd_nb: Cannot enumerate AMD northbridges
[    0.542652] clocksource: Switched to clocksource kvm-clock
[    0.551597] AppArmor: AppArmor Filesystem Enabled
[    0.552588] pnp: PnP ACPI init
[    0.554042] pnp: PnP ACPI: found 3 devices
[    0.565090] clocksource: acpi_pm: mask: 0xffffff max_cycles: 0xffffff, max_idle_ns: 2085701024 ns
[    0.566831] NET: Registered protocol family 2
[    0.567768] TCP established hash table entries: 8192 (order: 4, 65536 bytes)
[    0.569123] TCP bind hash table entries: 8192 (order: 5, 131072 bytes)
[    0.570464] TCP: Hash tables configured (established 8192 bind 8192)
[    0.571607] UDP hash table entries: 512 (order: 2, 16384 bytes)
[    0.572635] UDP-Lite hash table entries: 512 (order: 2, 16384 bytes)
[    0.573844] NET: Registered protocol family 1
[    0.574689] pci 0000:00:00.0: Limiting direct PCI/PCI transfers
[    0.575753] pci 0000:00:01.0: Activating ISA DMA hang workarounds
[    0.577007] Unpacking initramfs...
[    0.769386] Freeing initrd memory: 14884K
[    0.770389] clocksource: tsc: mask: 0xffffffffffffffff max_cycles: 0x2e02c6b261a, max_idle_ns: 440795349838 ns
[    0.772455] platform rtc_cmos: registered platform RTC device (no PNP device found)
[    0.774109] Scanning for low memory corruption every 60 seconds
[    0.775781] audit: initializing netlink subsys (disabled)
[    0.776955] audit: type=2000 audit(1616104761.249:1): initialized
[    0.778548] Initialise system trusted keyring
[    0.779729] HugeTLB registered 2 MB page size, pre-allocated 0 pages
[    0.781993] zbud: loaded
[    0.782992] VFS: Disk quotas dquot_6.6.0
[    0.783877] VFS: Dquot-cache hash table entries: 512 (order 0, 4096 bytes)
[    0.785454] squashfs: version 4.0 (2009/01/31) Phillip Lougher
[    0.786925] fuse init (API version 7.23)
[    0.787955] Key type big_key registered
[    0.788868] Allocating IMA MOK and blacklist keyrings.
[    0.792023] Key type asymmetric registered
[    0.792863] Asymmetric key parser 'x509' registered
[    0.793809] Block layer SCSI generic (bsg) driver version 0.4 loaded (major 249)
[    0.795443] io scheduler noop registered
[    0.796233] io scheduler deadline registered (default)
[    0.797229] io scheduler cfq registered
[    0.798041] pci_hotplug: PCI Hot Plug PCI Core version: 0.5
[    0.799258] pciehp: PCI Express Hot Plug Controller Driver version: 0.4
[    0.800852] ACPI: AC Adapter [AC] (on-line)
[    0.801735] input: Power Button as /devices/LNXSYSTM:00/LNXPWRBN:00/input/input0
[    0.803162] ACPI: Power Button [PWRF]
[    0.803935] input: Sleep Button as /devices/LNXSYSTM:00/LNXSLPBN:00/input/input1
[    0.805487] ACPI: Sleep Button [SLPF]
[    0.806491] GHES: HEST is not enabled!
[    0.807654] Serial: 8250/16550 driver, 32 ports, IRQ sharing enabled
[    0.829290] 00:02: ttyS0 at I/O 0x3f8 (irq = 4, base_baud = 115200) is a 16550A
[    0.833943] Linux agpgart interface v0.103
[    0.836301] loop: module loaded
[    0.837446] scsi host0: ata_piix
[    0.838249] scsi host1: ata_piix
[    0.838991] ata1: PATA max UDMA/33 cmd 0x1f0 ctl 0x3f6 bmdma 0xd000 irq 14
[    0.840557] ata2: PATA max UDMA/33 cmd 0x170 ctl 0x376 bmdma 0xd008 irq 15
[    0.842047] libphy: Fixed MDIO Bus: probed
[    0.843172] tun: Universal TUN/TAP device driver, 1.6
[    0.844209] tun: (C) 1999-2004 Max Krasnyansky <maxk@qualcomm.com>
[    0.845533] PPP generic driver version 2.4.2
[    0.846653] ehci_hcd: USB 2.0 'Enhanced' Host Controller (EHCI) Driver
[    0.848086] ehci-pci: EHCI PCI platform driver
[    0.849162] ehci-platform: EHCI generic platform driver
[    0.850199] ohci_hcd: USB 1.1 'Open' Host Controller (OHCI) Driver
[    0.851622] ohci-pci: OHCI PCI platform driver
[    0.852629] ohci-platform: OHCI generic platform driver
[    0.853750] uhci_hcd: USB Universal Host Controller Interface driver
[    0.855061] i8042: PNP: PS/2 Controller [PNP0303:PS2K,PNP0f03:PS2M] at 0x60,0x64 irq 1,12
[    0.857201] serio: i8042 KBD port at 0x60,0x64 irq 1
[    0.858234] serio: i8042 AUX port at 0x60,0x64 irq 12
[    0.859577] mousedev: PS/2 mouse device common for all mice
[    0.861149] input: AT Translated Set 2 keyboard as /devices/platform/i8042/serio0/input/input2
[    0.863565] rtc_cmos rtc_cmos: rtc core: registered rtc_cmos as rtc0
[    0.864834] rtc_cmos rtc_cmos: alarms up to one day, 114 bytes nvram
[    0.866104] i2c /dev entries driver
[    0.866932] device-mapper: uevent: version 1.0.3
[    0.868022] device-mapper: ioctl: 4.34.0-ioctl (2015-10-28) initialised: dm-devel@redhat.com
[    0.869841] ledtrig-cpu: registered to indicate activity on CPUs
[    0.871459] NET: Registered protocol family 10
[    0.872607] NET: Registered protocol family 17
[    0.873523] Key type dns_resolver registered
[    0.875130] registered taskstats version 1
[    0.875979] Loading compiled-in X.509 certificates
[    0.877450] Loaded X.509 cert 'Build time autogenerated kernel key: 7d89d4973e8e82529e7123890c54abbb198c4f27'
[    0.879600] zswap: loaded using pool lzo/zbud
[    0.882283] Key type trusted registered
[    0.885918] Key type encrypted registered
[    0.886863] AppArmor: AppArmor sha1 policy hashing enabled
[    0.887998] ima: No TPM chip found, activating TPM-bypass!
[    0.889234] ima: Allocated hash algorithm: sha1
[    0.890279] evm: HMAC attrs: 0x1
[    0.891745]   Magic number: 13:6:1006
[    0.892672] rtc_cmos rtc_cmos: setting system clock to 2021-03-18 21:59:16 UTC (1616104756)
[    0.894610] BIOS EDD facility v0.16 2004-Jun-25, 0 devices found
[    0.896006] EDD information not available.
[    1.018443] Freeing unused kernel memory: 1496K
[    1.019419] Write protecting the kernel read-only data: 14336k
[    1.020974] Freeing unused kernel memory: 1588K
[    1.022078] Freeing unused kernel memory: 52K
Loading, please wait...
starting version 229
[    1.033180] random: systemd-udevd: uninitialized urandom read (16 bytes read, 3 bits of entropy available)
[    1.033551] random: udevadm: uninitialized urandom read (16 bytes read, 3 bits of entropy available)
[    1.033563] random: udevadm: uninitialized urandom read (16 bytes read, 3 bits of entropy available)
[    1.038795] random: systemd-udevd: uninitialized urandom read (16 bytes read, 3 bits of entropy available)
[    1.040411] random: udevadm: uninitialized urandom read (16 bytes read, 3 bits of entropy available)
[    1.040455] random: udevadm: uninitialized urandom read (16 bytes read, 3 bits of entropy available)
[    1.040612] random: udevadm: uninitialized urandom read (16 bytes read, 3 bits of entropy available)
[    1.040651] random: udevadm: uninitialized urandom read (16 bytes read, 3 bits of entropy available)
[    1.040690] random: udevadm: uninitialized urandom read (16 bytes read, 3 bits of entropy available)
[    1.040727] random: udevadm: uninitialized urandom read (16 bytes read, 3 bits of entropy available)
[    1.080436] e1000: Intel(R) PRO/1000 Network Driver - version 7.3.21-k8-NAPI
[    1.081804] e1000: Copyright (c) 1999-2006 Intel Corporation.
[    1.086209] Fusion MPT base driver 3.04.20
[    1.087182] Copyright (c) 1999-2008 LSI Corporation
[    1.096495] Fusion MPT SPI Host driver 3.04.20
[    1.105863] AVX2 version of gcm_enc/dec engaged.
[    1.106857] AES CTR mode by8 optimization enabled
[    1.293666] input: ImExPS/2 Generic Explorer Mouse as /devices/platform/i8042/serio1/input/input4
[    1.590632] e1000 0000:00:03.0 eth0: (PCI:33MHz:32-bit) 02:96:8e:bc:5b:f3
[    1.592003] e1000 0000:00:03.0 eth0: Intel(R) PRO/1000 Network Connection
[    1.593919] mptbase: ioc0: Initiating bringup
[    1.863675] ioc0: LSI53C1030 A0: Capabilities={Initiator}
[    3.592770] scsi host2: ioc0: LSI53C1030 A0, FwRev=00000000h, Ports=1, MaxQ=256, IRQ=20
[    4.753931] scsi 2:0:0:0: Direct-Access     VBOX     HARDDISK         1.0  PQ: 0 ANSI: 5
[    4.755769] scsi target2:0:0: Beginning Domain Validation
[    4.758879] scsi target2:0:0: Domain Validation skipping write tests
[    4.760069] scsi target2:0:0: Ending Domain Validation
[    4.761214] scsi target2:0:0: asynchronous
[    4.762704] scsi 2:0:1:0: Direct-Access     VBOX     HARDDISK         1.0  PQ: 0 ANSI: 5
[    4.764494] scsi target2:0:1: Beginning Domain Validation
[    4.767565] scsi target2:0:1: Domain Validation skipping write tests
[    4.768828] scsi target2:0:1: Ending Domain Validation
[    4.769969] scsi target2:0:1: asynchronous
[    4.775711] sd 2:0:0:0: [sda] 83886080 512-byte logical blocks: (42.9 GB/40.0 GiB)
[    4.775879] sd 2:0:0:0: Attached scsi generic sg0 type 0
[    4.787906] sd 2:0:1:0: Attached scsi generic sg1 type 0
[    4.788286] sd 2:0:1:0: [sdb] 20480 512-byte logical blocks: (10.5 MB/10.0 MiB)
[    4.788639] sd 2:0:1:0: [sdb] Write Protect is off
[    4.788861] sd 2:0:1:0: [sdb] Incomplete mode parameter data
[    4.788862] sd 2:0:1:0: [sdb] Assuming drive cache: write through
[    4.792556] sd 2:0:1:0: [sdb] Attached SCSI disk
[    4.796898] sd 2:0:0:0: [sda] Write Protect is off
[    4.798134] sd 2:0:0:0: [sda] Incomplete mode parameter data
[    4.799364] sd 2:0:0:0: [sda] Assuming drive cache: write through
[    4.804902]  sda: sda1
[    4.808757] sd 2:0:0:0: [sda] Attached SCSI disk
[    5.578871] e1000 0000:00:08.0 eth1: (PCI:33MHz:32-bit) 08:00:27:32:16:8a
[    5.580150] e1000 0000:00:08.0 eth1: Intel(R) PRO/1000 Network Connection
[    5.582178] e1000 0000:00:08.0 enp0s8: renamed from eth1
[    5.598930] e1000 0000:00:03.0 enp0s3: renamed from eth0
Begin: Loading essential drivers ... [    6.976023] md: linear personality registered for level -1
[    6.978912] md: multipath personality registered for level -4
[    6.982077] md: raid0 personality registered for level 0
[    6.985595] md: raid1 personality registered for level 1
[    7.054827] raid6: sse2x1   gen() 13669 MB/s
[    7.123103] raid6: sse2x1   xor() 10999 MB/s
[    7.191129] raid6: sse2x2   gen() 18185 MB/s
[    7.258963] raid6: sse2x2   xor() 11683 MB/s
[    7.326845] raid6: sse2x4   gen() 20036 MB/s
[    7.394741] raid6: sse2x4   xor() 13523 MB/s
[    7.462698] raid6: avx2x1   gen() 28898 MB/s
[    7.530788] raid6: avx2x2   gen() 33370 MB/s
[    7.599073] raid6: avx2x4   gen() 36703 MB/s
[    7.600067] raid6: using algorithm avx2x4 gen() 36703 MB/s
[    7.601211] raid6: using avx2x2 recovery algorithm
[    7.602996] xor: automatically using best checksumming function:
[    7.643442]    avx       : 35745.000 MB/sec
[    7.645447] async_tx: api initialized (async)
[    7.654797] md: raid6 personality registered for level 6
[    7.656183] md: raid5 personality registered for level 5
[    7.657339] md: raid4 personality registered for level 4
[    7.663103] md: raid10 personality registered for level 10
done.
Begin: Running /scripts/init-premount ... done.
Begin: Mounting root file system ... Begin: Running /scripts/local-top ... done.
Begin: Running /scripts/local-premount ... [    7.689140] Btrfs loaded
Scanning for Btrfs filesystems
done.
Warning: fsck not present, so skipping root file system
[    7.717925] EXT4-fs (sda1): mounted filesystem with ordered data mode. Opts: (null)
done.
Begin: Running /scripts/local-bottom ... done.
Begin: Running /scripts/init-bottom ... done.
[    7.888781] systemd[1]: systemd 229 running in system mode. (+PAM +AUDIT +SELINUX +IMA +APPARMOR +SMACK +SYSVINIT +UTMP +LIBCRYPTSETUP +GCRYPT +GNUTLS +ACL +XZ -LZ4 +SECCOMP +BLKID +ELFUTILS +KMOD -IDN)
[    7.892302] systemd[1]: Detected virtualization oracle.
[    7.893358] systemd[1]: Detected architecture x86-64.

Welcome to [1mUbuntu 16.04.7 LTS[0m!

[    8.395371] systemd[1]: Set hostname to <ubuntu>.
[    8.406587] systemd[1]: Initializing machine ID from random generator.
[    8.407914] systemd[1]: Installed transient /etc/machine-id file.
[    8.906159] systemd[1]: Reached target Swap.
[[0;32m  OK  [0m] Reached target Swap.
[    8.908110] systemd[1]: Listening on udev Kernel Socket.
[[0;32m  OK  [0m] Listening on udev Kernel Socket.
[    8.909951] systemd[1]: Listening on LVM2 poll daemon socket.
[[0;32m  OK  [0m] Listening on LVM2 poll daemon socket.
[    8.911806] systemd[1]: Reached target User and Group Name Lookups.
[[0;32m  OK  [0m] Reached target User and Group Name Lookups.
[    8.913855] systemd[1]: Set up automount Arbitrary Executable File Formats File System Automount Point.
[[0;32m  OK  [0m] Set up automount Arbitrary Executab...ats File System Automount Point.
[    9.046029] systemd[1]: Started Forward Password Requests to Wall Directory Watch.
[[0;32m  OK  [0m] Started Forward Password Requests to Wall Directory Watch.
[    9.365592] systemd[1]: Listening on LVM2 metadata daemon socket.
[[0;32m  OK  [0m] Listening on LVM2 metadata daemon socket.
[    9.367484] systemd[1]: Listening on Journal Audit Socket.
[[0;32m  OK  [0m] Listening on Journal Audit Socket.
[    9.369270] systemd[1]: Listening on fsck to fsckd communication Socket.
[[0;32m  OK  [0m] Listening on fsck to fsckd communication Socket.
[    9.585195] systemd[1]: Listening on Journal Socket (/dev/log).
[[0;32m  OK  [0m] Listening on Journal Socket (/dev/log).
[    9.611477] systemd[1]: Listening on Syslog Socket.
[[0;32m  OK  [0m] Listening on Syslog Socket.
[    9.613296] systemd[1]: Listening on Journal Socket.
[[0;32m  OK  [0m] Listening on Journal Socket.
[    9.615104] systemd[1]: Reached target System Time Synchronized.
[[0;32m  OK  [0m] Reached target System Time Synchronized.
[    9.617205] systemd[1]: Listening on /dev/initctl Compatibility Named Pipe.
[[0;32m  OK  [0m] Listening on /dev/initctl Compatibility Named Pipe.
[    9.619379] systemd[1]: Listening on udev Control Socket.
[[0;32m  OK  [0m] Listening on udev Control Socket.
[    9.621349] systemd[1]: Created slice User and Session Slice.
[[0;32m  OK  [0m] Created slice User and Session Slice.
[    9.770089] systemd[1]: Started Trigger resolvconf update for networkd DNS.
[[0;32m  OK  [0m] Started Trigger resolvconf update for networkd DNS.
[    9.773003] systemd[1]: Created slice System Slice.
[[0;32m  OK  [0m] Created slice System Slice.
[    9.775575] random: nonblocking pool is initialized
[    9.787387] systemd[1]: Starting Load Kernel Modules...
         Starting Load Kernel Modules...
[    9.794777] systemd[1]: Reached target Slices.
[[0;32m  OK  [0m] Reached target Slices.
[    9.796811] systemd[1]: Mounting POSIX Message Queue File System...
         Mounting POSIX Message Queue File System...
[    9.801420] systemd[1]: Mounting Huge Pages File System...
         Mounting Huge Pages File System...
[    9.804555] systemd[1]: Starting Set console keymap...
         Starting Set console keymap...
[    9.806611] systemd[1]: Starting Nameserver information manager...
[    9.807951] Loading iSCSI transport class v2.0-870.
         Starting Nameserver information manager...
[    9.814956] iscsi: registered transport (tcp)
[    9.815313] systemd[1]: Starting Journal Service...
         Starting Journal Service...
[    9.818044] systemd[1]: Starting Uncomplicated firewall...
         Starting Uncomplicated firewall...
[    9.827340] systemd[1]: Mounting Debug File System...
         Mounting Debug File System...
[    9.829468] systemd[1]: Starting File System Check on Root Device...
         Starting File System Check on Root Device...
[    9.831930] systemd[1]: Starting Create list of required static device nodes for the current kernel...
         Starting Create list of required st... nodes for the current kernel...
[    9.835183] systemd[1]: Created slice system-serial\x2dgetty.slice.
[[0;32m  OK  [0m] Created slice system-serial\x2dgetty.slice.
[    9.839966] systemd[1]: Reached target Encrypted Volumes.
[[0;32m  OK  [0m] Reached target Encrypted Volumes.
[    9.843398] systemd[1]: Listening on Device-mapper event daemon FIFOs.
[[0;32m  OK  [0m] Listening on Device-mapper event daemon FIFOs.
[    9.863046] systemd[1]: Starting Monitoring of LVM2 mirrors, snapshots etc. using dmeventd or progress polling...
[    9.863053] iscsi: registered transport (iser)
         Starting Monitoring of LVM2 mirrors... dmeventd or progress polling...
[    9.882348] systemd[1]: Mounted Huge Pages File System.
[[0;32m  OK  [0m] Mounted Huge Pages File System.
[    9.890819] systemd[1]: Mounted POSIX Message Queue File System.
[[0;32m  OK  [0m] Mounted POSIX Message Queue File System.
[    9.892738] systemd[1]: Mounted Debug File System.
[[0;32m  OK  [0m] Mounted Debug File System.
[    9.899861] systemd[1]: Started Journal Service.
[[0;32m  OK  [0m] Started Journal Service.
[[0;32m  OK  [0m] Started Load Kernel Modules.
[[0;32m  OK  [0m] Started Set console keymap.
[[0;32m  OK  [0m] Started Uncomplicated firewall.
[[0;32m  OK  [0m] Started File System Check on Root Device.
[[0;32m  OK  [0m] Started Create list of required sta...ce nodes for the current kernel.
[[0;32m  OK  [0m] Started Nameserver information manager.
[[0;32m  OK  [0m] Started LVM2 metadata daemon.
[[0;32m  OK  [0m] Started File System Check Daemon to report status.
         Starting Create Static Device Nodes in /dev...
         Starting Remount Root and Kernel File Systems...
         Mounting FUSE Control File System...
[    9.936603] EXT4-fs (sda1): re-mounted. Opts: (null)
         Starting Apply Kernel Variables...
[[0;32m  OK  [0m] Mounted FUSE Control File System.
[[0;32m  OK  [0m] Started Remount Root and Kernel File Systems.
         Starting Flush Journal to Persistent Storage...
         Starting Load/Save Random Seed...
         Starting udev Coldplug all Devices...
[[0;32m  OK  [0m] Started Load/Save Random Seed.
[[0;32m  OK  [0m] Started Apply Kernel Variables.
[[0;32m  OK  [0m] Started Create Static Device Nodes in /dev.
         Starting udev Kernel Device Manager...
[[0;32m  OK  [0m] Started Flush Journal to Persistent Storage.
[[0;32m  OK  [0m] Started udev Kernel Device Manager.
[[0;32m  OK  [0m] Started udev Coldplug all Devices.
[[0;32m  OK  [0m] Started Dispatch Password Requests to Console Directory Watch.
[[0;32m  OK  [0m] Found device /dev/ttyS0.
[[0;32m  OK  [0m] Listening on Load/Save RF Kill Switch Status /dev/rfkill Watch.
[[0;32m  OK  [0m] Started Monitoring of LVM2 mirrors,...ng dmeventd or progress polling.
[[0;32m  OK  [0m] Reached target Local File Systems (Pre).
[[0;32m  OK  [0m] Reached target Local File Systems.
         Starting Initial cloud-init job (pre-networking)...
         Starting Create Volatile Files and Directories...
         Starting LSB: AppArmor initialization...
         Starting Set console font and keymap...
         Starting Commit a transient machine-id on disk...
         Starting Tell Plymouth To Write Out Runtime Data...
[[0;32m  OK  [0m] Started Create Volatile Files and Directories.
[[0;32m  OK  [0m] Started Commit a transient machine-id on disk.
[[0;32m  OK  [0m] Started Tell Plymouth To Write Out Runtime Data.
         Starting Update UTMP about System Boot/Shutdown...
[[0;32m  OK  [0m] Started Update UTMP about System Boot/Shutdown.
[[0;32m  OK  [0m] Started Set console font and keymap.
[[0;32m  OK  [0m] Created slice system-getty.slice.
[   11.427589] cloud-init[609]: Cloud-init v. 20.4.1-0ubuntu1~16.04.1 running 'init-local' at Thu, 18 Mar 2021 21:59:26 +0000. Up 10.98 seconds.
[[0;32m  OK  [0m] Started Initial cloud-init job (pre-networking).
[[0;32m  OK  [0m] Reached target Network (Pre).
[[0;32m  OK  [0m] Started LSB: AppArmor initialization.
         Starting Load AppArmor profiles managed internally by snapd...
         Starting Raise network interfaces...
[[0;32m  OK  [0m] Started Load AppArmor profiles managed internally by snapd.
[[0;32m  OK  [0m] Started Raise network interfaces.
[[0;32m  OK  [0m] Reached target Network.
         Starting Initial cloud-init job (metadata service crawler)...
[   13.069225] cloud-init[962]: Cloud-init v. 20.4.1-0ubuntu1~16.04.1 running 'init' at Thu, 18 Mar 2021 21:59:28 +0000. Up 12.54 seconds.
[   13.076402] cloud-init[962]: ci-info: ++++++++++++++++++++++++++++++++++++++Net device info+++++++++++++++++++++++++++++++++++++++
[   13.077824] cloud-init[962]: ci-info: +--------+-------+----------------------------+---------------+--------+-------------------+
[   13.084305] cloud-init[962]: ci-info: | Device |   Up  |          Address           |      Mask     | Scope  |     Hw-Address    |
[   13.092544] cloud-init[962]: ci-info: +--------+-------+----------------------------+---------------+--------+-------------------+
[   13.101402] cloud-init[962]: ci-info: | enp0s3 |  True |         10.0.2.15          | 255.255.255.0 | global | 02:96:8e:bc:5b:f3 |
[   13.109110] cloud-init[962]: ci-info: | enp0s3 |  True | fe80::96:8eff:febc:5bf3/64 |       .       |  link  | 02:96:8e:bc:5b:f3 |
[   13.110049] cloud-init[962]: ci-info: | enp0s8 | False |             .              |       .       |   .    | 08:00:27:32:16:8a |
[   13.116976] cloud-init[962]: ci-info: |   lo   |  True |         127.0.0.1          |   255.0.0.0   |  host  |         .         |
[[0;32m  OK  [0m] Started Initial cloud-init job (metadata service crawler).
[[0;32m  OK  [0m] Reached target System Initialization.
[   13.121163] cloud-init[962]: ci-info: |   lo   |  True |          ::1/128           |       .       |  host  |         .         |
[   13.140905] cloud-init[962]: ci-info: +--------+-------+----------------------------+---------------+--------+-------------------+
[   13.141887] cloud-init[962]: ci-info: +++++++++++++++++++++++++++Route IPv4 info++++++++++++++++++++++++++++
[   13.142863] cloud-init[962]: ci-info: +-------+-------------+----------+---------------+-----------+-------+
[   13.148650] cloud-init[962]: ci-info: | Route | Destination | Gateway  |    Genmask    | Interface | Flags |
         Starting LXD - unix socket.
[[0;32m  OK  [0m] Started Daily Cleanup of Temporary Directories.
[   13.158657] cloud-init[962]: ci-info: +-------+-------------+----------+---------------+-----------+-------+
[   13.160475] cloud-init[962]: ci-info: |   0   |   0.0.0.0   | 10.0.2.2 |    0.0.0.0    |   enp0s3  |   UG  |
[   13.161513] cloud-init[962]: ci-info: |   1   |   10.0.2.0  | 0.0.0.0  | 255.255.255.0 |   enp0s3  |   U   |
[   13.162315] cloud-init[962]: ci-info: +-------+-------------+----------+---------------+-----------+-------+
[   13.163165] cloud-init[962]: ci-info: +++++++++++++++++++Route IPv6 info+++++++++++++++++++
[   13.164090] cloud-init[962]: ci-info: +-------+-------------+---------+-----------+-------+
[   13.172508] cloud-init[962]: ci-info: | Route | Destination | Gateway | Interface | Flags |
[[0;32m  OK  [0m] Started ACPI Events Check.
[[0;32m  OK  [0m] Reached target Paths.
[[0;32m  OK  [0m] Started Daily apt download activities.
         Starting Socket activation for snappy daemon.
[   13.182582] cloud-init[962]: ci-info: +-------+-------------+---------+-----------+-------+
[[0;32m  OK  [0m] Started Daily apt upgrade and clean activities.
[   13.194755] [cloud-init[0;32m  OK  [0m[962]: ] ci-info: |   0   |  fe80::/64  |    ::   |   enp0s3  |   U   |Listening on ACPID Listen Socket.

[   13.208709] [cloud-init[0;32m  OK  [0m[962]: ] ci-info: |   3   |   ff00::/8  |    ::   |   enp0s3  |   U   |Listening on D-Bus System Message Bus Socket.

[[0;32m  OK  [0m] Started Message of the Day.
[   13.209010] [cloud-init[0;32m  OK  [0m[962]: ] ci-info: +-------+-------------+---------+-----------+-------+Reached target Timers.

[   13.229213] [cloud-init[0;32m  OK  [0m[962]: ] Generating public/private rsa key pair.Listening on UUID daemon activation socket.

[   13.229530] [cloud-init[0;32m  OK  [0m[962]: ] Your identification has been saved in /etc/ssh/ssh_host_rsa_key.Reached target Cloud-config availability.

[   13.231300] [[0;32m  OK  [0m] Reached target Network is Online.
cloud-init[962]: Your public key has been saved in /etc/ssh/ssh_host_rsa_key.pub.
[   13.232853] cloud-init[962]: The key fingerprint is:
[   13.240987]          cloud-initStarting iSCSI initiator daemon (iscsid)...[962]: 
SHA256:6zTz7FE4udOng7ESUcFnKAJP8FQfObmTt0FmrYjrDKk root@ubuntu-xenial
[   13.242074] [[0;32m  OK  [0m] Listening on LXD - unix socket.
[[0;32m  OK  [0m] Listening on Socket activation for snappy daemon.
[[0;32m  OK  [0m] Reached target Sockets.
cloud-init[962]: The key's randomart image is:
[   13.244295] [[0;32m  OK  [0m] Reached target Basic System.
[[0;32m  OK  [0m] Started FUSE filesystem for LXC.
cloud-init[962]: +---[RSA 2048]----+
[   13.246008] cloud-init[962]: |    ooo...o= .   |
[   13.246794] cloud-init[962]: |     =. ..B.* .  |
         Starting System Logging Service...
[   13.246987] cloud-init[962]: |      o. +.@ .   |
[   13.248937] [cloud-init[0;32m  OK  [0m[962]: ] |        o =o+    |Started ACPI event daemon.

         Starting Accounts Service...
[   13.249586] cloud-init[962]: |       .So+o.o   |
[   13.253211] cloud-init[962]: |      o o..=.    |
[   13.253366] cloud-init[962]: |     . +=.++. .  |
         Starting Virtualbox guest utils...
[   13.253522] cloud-init[962]: |    E  o+=oo.o   |
[   13.256240] cloud-init[962]: |        .o+ ..   |
[   13.256483] cloud-init[962]: +----[SHA256]-----+
[[0;32m  OK  [0m] Started Deferred execution scheduler.
[   13.256717] cloud-init[962]: Generating public/private dsa key pair.
         Starting /etc/rc.local Compatibility...
[   13.258391] cloud-init[962]: Your identification has been saved in /etc/ssh/ssh_host_dsa_key.
         Starting Login Service...
[   13.259730] cloud-init[962]: Your public key has been saved in /etc/ssh/ssh_host_dsa_key.pub.
[   13.262086] cloud-init[962]: The key fingerprint is:
[   13.264555] cloud-init[962]: SHA256:L/hN85rKIQoT5sWDBkjNM4nFj86sqD/fTSoCeDhjnrU root@ubuntu-xenial
[   13.265441] cloud-init[962]: The key's randomart image is:
         Starting LSB: MD monitoring daemon...
[   13.267164] cloud-init[962]: +---[DSA 1024]----+
[   13.272978] cloud-init[962]: | .*..            |
[   13.273164] cloud-init[962]: |o. B             |
         Starting LSB: Record successful boot for GRUB...
[   13.273199] cloud-init[962]: |o   =            |
[   13.282452] cloud-init[962]: | . + .           |
[   13.282604] [cloud-init[0;32m  OK  [0m[962]: ] |..O +   S        |Started Regular background program processing daemon.

[   13.282646] cloud-init[962]: |*=.B . . .       |
[   13.292363] cloud-init[962]: |+=B . o + +      |
[   13.292547] cloud-init         [962]: Starting Snap Daemon...|.+oE.o B = +     |

[   13.292609] cloud-init[962]: |o..+o.o =.+..    |
[   13.292708] cloud-init[962]: +----[SHA256]-----+
[   13.292761] cloud-init[962]: Generating public/private ecdsa key pair.
[   13.300230] cloud-init[962]: Your identification has been saved in /etc/ssh/ssh_host_ecdsa_key.
[   13.300422] cloud-init[962]: Your public key has been saved in /etc/ssh/ssh_host_ecdsa_key.pub.
[[0;32m  OK  [0m] Started D-Bus System Message Bus.
[   13.300621] cloud-init[962]: The key fingerprint is:
[   13.308533] cloud-init[962]: SHA256:OBJbxNyylrK1a52joI5kwyQIU4cH3Kia2wu9DHmxsVg root@ubuntu-xenial
[   13.309842] cloud-init[962]: The key's randomart image is:
[   13.316670] cloud-init[962]: +---[ECDSA 256]---+
[   13.317867] cloud-init[962]: | .o=.o..         |
[   13.319062] cloud-init[962]: | .+.o.+ .        |
[   13.320154] cloud-init[962]: |o. .. .+         |
[   13.332564] cloud-init[962]: |+.  .+=.         |
[   13.344287] cloud-init[962]: |+oE o=o.S        |
[   13.345158] cloud-init[962]: |*= =....         |
[   13.345863] cloud-init[962]: |=B= .  o .       |
[   13.352282] cloud-init[962]: |+*oo .o +        |
[   13.353507] cloud-init[962]: |..*. ... .       |
[   13.354399] cloud-init[962]: +----[SHA256]-----+
[   13.357796] cloud-init[962]: Generating public/private ed25519 key pair.
[   13.358836] cloud-init[962]: Your identification has been saved in /etc/ssh/ssh_host_ed25519_key.
[   13.360044] cloud-init[962]: Your public key has been saved in /etc/ssh/ssh_host_ed25519_key.pub.
[   13.361305] cloud-init[962]: The key fingerprint is:
[   13.368836] cloud-init[962]: SHA256:ZbU45hfBKdCbhmSrWN8zobRpw8wiTS3gUIDcyOUi/iQ root@ubuntu-xenial
[   13.369985] cloud-init[962]: The key's randomart image is:
[   13.378341] cloud-init[962]: +--[ED25519 256]--+
[   13.384693] cloud-init[962]: |o.=+.   .o .o.   |
[   13.385305] cloud-init[962]: |.+o..   o oooo   |
[   13.386456] cloud-init[962]: |.. + . + o*+o    |
[   13.387445] cloud-init[962]: |o . . + ===. .   |
[   13.392313] cloud-init[962]: | E . = OS*...    |
[   13.400777] cloud-init[962]: |  + o + @ +.     |
         Starting Pollinate to seed the pseudo random number generator...
[   13.401052] cloud-init[962]: |   . . o . o     |
[   13.402415] cloud-init[962]: |                 |
[   13.403277] cloud-init[962]: |                 |
[   13.403560] cloud-init[962]: +----[SHA256]-----+
         Starting LXD - container startup/shutdown...
[[0;32m  OK  [0m] Started System Logging Service.
[[0;32m  OK  [0m] Started /etc/rc.local Compatibility.
[[0;32m  OK  [0m] Started Login Service.
[[0;32m  OK  [0m] Started Unattended Upgrades Shutdown.
         Starting Authenticate and Authorize Users to Run Privileged Tasks...
[[0;32m  OK  [0m] Started iSCSI initiator daemon (iscsid).
         Starting Login to default iSCSI targets...
[[0;32m  OK  [0m] Started LSB: Record successful boot for GRUB.
[[0;32m  OK  [0m] Started LSB: MD monitoring daemon.
[[0;32m  OK  [0m] Started Login to default iSCSI targets.
[[0;32m  OK  [0m] Reached target Remote File Systems (Pre).
[[0;32m  OK  [0m] Reached target Remote File Systems.
         Starting Permit User Sessions...
         Starting LSB: automatic crash report generation...
         Starting LSB: Set the CPU Frequency Scaling governor to "ondemand"...
         Starting LSB: daemon to balance interrupts for SMP systems...
[[0;32m  OK  [0m] Started Virtualbox guest utils.
[[0;32m  OK  [0m] Started Permit User Sessions.
[[0;32m  OK  [0m] Started Authenticate and Authorize Users to Run Privileged Tasks.
[[0;32m  OK  [0m] Started Accounts Service.
         Starting Terminate Plymouth Boot Screen...
         Starting Hold until boot process finishes up...
[[0;32m  OK  [0m] Started LSB: Set the CPU Frequency Scaling governor to "ondemand".
[[0;32m  OK  [0m] Started Hold until boot process finishes up.
[[0;32m  OK  [0m] Started LSB: automatic crash report generation.
[[0;32m  OK  [0m] Started Getty on tty1.
[[0;32m  OK  [0m] Started Serial Getty on ttyS0.
[[0;32m  OK  [0m] Reached target Login Prompts.
         Starting Set console scheme...
[[0;32m  OK  [0m] Started Terminate Plymouth Boot Screen.
[[0;32m  OK  [0m] Started Set console scheme.
[[0;32m  OK  [0m] Started LSB: daemon to balance interrupts for SMP systems.
[[0;32m  OK  [0m] Started LXD - container startup/shutdown.
[[0;32m  OK  [0m] Started Snap Daemon.
         Starting Wait until snapd is fully seeded...
[[0;32m  OK  [0m] Started Pollinate to seed the pseudo random number generator.
         Starting OpenBSD Secure Shell server...
[[0;32m  OK  [0m] Started OpenBSD Secure Shell server.
[[0;32m  OK  [0m] Created slice User Slice of vagrant.
         Starting User Manager for UID 1000...
[[0;32m  OK  [0m] Started Session 1 of user vagrant.
[[0;32m  OK  [0m] Started User Manager for UID 1000.
[[0;32m  OK  [0m] Started Wait until snapd is fully seeded.
         Starting Apply the settings specified in cloud-config...
[[0;32m  OK  [0m] Reached target Multi-User System.
[[0;32m  OK  [0m] Reached target Graphical Interface.
         Starting Update UTMP about System Runlevel Changes...
[[0;32m  OK  [0m] Started Update UTMP about System Runlevel Changes.
[   15.382702] cloud-init[1378]: Generating locales (this might take a while)...
[   16.242508] cloud-init[1378]:   en_US.UTF-8... done
[   16.243198] cloud-init[1378]: Generation complete.
[   16.612246] cloud-init[1378]: Cloud-init v. 20.4.1-0ubuntu1~16.04.1 running 'modules:config' at Thu, 18 Mar 2021 21:59:31 +0000. Up 15.26 seconds.
[[0;32m  OK  [0m] Started Apply the settings specified in cloud-config.
         Starting Execute cloud user/final scripts...
         Stopping User Manager for UID 1000...
[[0;32m  OK  [0m] Stopped User Manager for UID 1000.
ci-info: no authorized SSH keys fingerprints found for user ubuntu.
[[0;32m  OK  [0m] Removed slice User Slice of vagrant.
<14>Mar 18 21:59:32 ec2: 
<14>Mar 18 21:59:32 ec2: #############################################################
<14>Mar 18 21:59:32 ec2: -----BEGIN SSH HOST KEY FINGERPRINTS-----
<14>Mar 18 21:59:32 ec2: 1024 SHA256:L/hN85rKIQoT5sWDBkjNM4nFj86sqD/fTSoCeDhjnrU root@ubuntu-xenial (DSA)
<14>Mar 18 21:59:32 ec2: 256 SHA256:OBJbxNyylrK1a52joI5kwyQIU4cH3Kia2wu9DHmxsVg root@ubuntu-xenial (ECDSA)
<14>Mar 18 21:59:32 ec2: 256 SHA256:ZbU45hfBKdCbhmSrWN8zobRpw8wiTS3gUIDcyOUi/iQ root@ubuntu-xenial (ED25519)
<14>Mar 18 21:59:32 ec2: 2048 SHA256:6zTz7FE4udOng7ESUcFnKAJP8FQfObmTt0FmrYjrDKk root@ubuntu-xenial (RSA)
<14>Mar 18 21:59:32 ec2: -----END SSH HOST KEY FINGERPRINTS-----
<14>Mar 18 21:59:32 ec2: #############################################################
-----BEGIN SSH HOST KEY KEYS-----
ecdsa-sha2-nistp256 AAAAE2VjZHNhLXNoYTItbmlzdHAyNTYAAAAIbmlzdHAyNTYAAABBBE4dViiICnFV8O6p08X4XjNRlBcFXDDesR7FEniM4KZYB0kwU7NyXj9ACCsG5hOL3SU4LpQzZYxwlGxG5B4OIwY= root@ubuntu-xenial
ssh-ed25519 AAAAC3NzaC1lZDI1NTE5AAAAIBUakQ/4SbkJggr4iHRuHXgj+F/dO5AtpydMGzoLlen3 root@ubuntu-xenial
ssh-rsa AAAAB3NzaC1yc2EAAAADAQABAAABAQCsD4rEAMGPpUjl3Sld1YXsTcLLekkWfjAmp22JlfCYyySYRDayzAAj9RsOmU0F2g96j84c7/pDrslkhZKT3r43KGt52+VijfdD2QA5vnpll16e9LCKSNpmL0TnSoYNCl+NF9cBpHwZNeEHL8MS+U1xROHrGJqHzOsbByUtjQl9tmd6KIsM3HjJ5yb9gd9tFqVtBEuPh6qBsi4ZESdhLBU1+bO+ERT2aHryKF1hJW5sthRWvYSYuvfEvVLNtrWXqAdXFKLuCj3Bf1HDi738xgHUnaU2qMrWMegW3F5OkuJ5I6LCknYq6C5kfWUwH8MLvSe0Mji+RyWLkPJ4mTB9+0hX root@ubuntu-xenial
-----END SSH HOST KEY KEYS-----
[   17.159997] cloud-init[1547]: Cloud-init v. 20.4.1-0ubuntu1~16.04.1 running 'modules:final' at Thu, 18 Mar 2021 21:59:32 +0000. Up 16.98 seconds.
[   17.168812] cloud-init[1547]: ci-info: no authorized SSH keys fingerprints found for user ubuntu.
[   17.169672] cloud-init[1547]: Cloud-init v. 20.4.1-0ubuntu1~16.04.1 finished at Thu, 18 Mar 2021 21:59:32 +0000. Datasource DataSourceNoCloud [seed=/dev/sdb][dsmode=net].  Up 17.15 seconds
[[0;32m  OK  [0m] Started Execute cloud user/final scripts.
[[0;32m  OK  [0m] Reached target Cloud-init target.

Ubuntu 16.04.7 LTS ubuntu-xenial ttyS0

ubuntu-xenial login: 